\BOOKMARK [1][-]{Doc-Start}{\376\377\144\130\211\201}{}% 1
\BOOKMARK [1][-]{section.1}{\376\377\230\171\166\356\151\202\217\360}{}% 2
\BOOKMARK [2][-]{subsection.1.1}{\376\377\230\171\166\356\200\314\146\157}{section.1}% 3
\BOOKMARK [2][-]{subsection.1.2}{\376\377\142\200\147\057\122\033\145\260\160\271}{section.1}% 4
\BOOKMARK [2][-]{subsection.1.3}{\376\377\174\373\176\337\116\367\120\074}{section.1}% 5
\BOOKMARK [1][-]{section.2}{\376\377\174\373\176\337\147\266\147\204\213\276\213\241}{}% 6
\BOOKMARK [2][-]{subsection.2.1}{\376\377\140\073\117\123\147\266\147\204}{section.2}% 7
\BOOKMARK [2][-]{subsection.2.2}{\376\377\150\070\137\303\152\041\127\127\213\276\213\241}{section.2}% 8
\BOOKMARK [3][-]{subsubsection.2.2.1}{\376\377\131\032\152\041\140\001\000A\000I\207\215\124\010\152\041\127\127}{subsection.2.2}% 9
\BOOKMARK [3][-]{subsubsection.2.2.2}{\376\377\147\072\150\260\201\302\143\247\122\066\152\041\127\127}{subsection.2.2}% 10
\BOOKMARK [1][-]{section.3}{\376\377\121\163\225\056\142\200\147\057\133\236\163\260}{}% 11
\BOOKMARK [2][-]{subsection.3.1}{\376\377\000R\000I\000S\000C\000-\000V\217\271\177\030\000A\000I\213\241\173\227}{section.3}% 12
\BOOKMARK [3][-]{subsubsection.3.1.1}{\376\377\170\154\116\366\136\163\123\360}{subsection.3.1}% 13
\BOOKMARK [3][-]{subsubsection.3.1.2}{\376\377\217\157\116\366\117\030\123\026}{subsection.3.1}% 14
\BOOKMARK [2][-]{subsection.3.2}{\376\377\131\032\152\041\140\001\145\160\143\156\207\215\124\010\173\227\154\325}{section.3}% 15
\BOOKMARK [3][-]{subsubsection.3.2.1}{\376\377\207\215\124\010\147\266\147\204}{subsection.3.2}% 16
\BOOKMARK [3][-]{subsubsection.3.2.2}{\376\377\133\236\145\366\131\004\164\006\155\101\172\013}{subsection.3.2}% 17
\BOOKMARK [1][-]{section.4}{\376\377\174\373\176\337\122\237\200\375\134\125\171\072}{}% 18
\BOOKMARK [2][-]{subsection.4.1}{\376\377\146\172\200\375\145\131\133\146\127\072\146\157\174\373\176\337}{section.4}% 19
\BOOKMARK [3][-]{subsubsection.4.1.1}{\376\377\145\131\133\146\127\072\146\157\221\115\177\156}{subsection.4.1}% 20
\BOOKMARK [3][-]{subsubsection.4.1.2}{\376\377\000A\000I\145\131\133\146\122\251\142\113\126\336\131\015}{subsection.4.1}% 21
\BOOKMARK [2][-]{subsection.4.2}{\376\377\147\072\150\260\201\302\123\357\211\306\123\026\143\247\122\066\174\373\176\337}{section.4}% 22
\BOOKMARK [3][-]{subsubsection.4.2.1}{\376\377\0003\000D\133\236\145\366\123\357\211\306\123\026}{subsection.4.2}% 23
\BOOKMARK [3][-]{subsubsection.4.2.2}{\376\377\145\131\133\146\142\113\122\277\136\223}{subsection.4.2}% 24
\BOOKMARK [3][-]{subsubsection.4.2.3}{\376\377\213\355\227\363\116\244\116\222\155\113\213\325}{subsection.4.2}% 25
\BOOKMARK [2][-]{subsection.4.3}{\376\377\133\236\145\366\211\306\211\311\141\037\167\345\174\373\176\337}{section.4}% 26
\BOOKMARK [3][-]{subsubsection.4.3.1}{\376\377\174\373\176\337\217\320\210\114\162\266\140\001}{subsection.4.3}% 27
\BOOKMARK [3][-]{subsubsection.4.3.2}{\376\377\133\236\145\366\211\306\211\311\150\300\155\113}{subsection.4.3}% 28
\BOOKMARK [3][-]{subsubsection.4.3.3}{\376\377\174\373\176\337\140\047\200\375\166\321\143\247}{subsection.4.3}% 29
\BOOKMARK [1][-]{section.5}{\376\377\140\047\200\375\155\113\213\325\116\016\213\304\117\060}{}% 30
\BOOKMARK [2][-]{subsection.5.1}{\376\377\174\373\176\337\140\047\200\375\143\007\150\007}{section.5}% 31
\BOOKMARK [2][-]{subsection.5.2}{\376\377\145\131\133\146\145\110\147\234\213\304\117\060}{section.5}% 32
\BOOKMARK [3][-]{subsubsection.5.2.1}{\376\377\155\113\213\325\213\276\213\241}{subsection.5.2}% 33
\BOOKMARK [3][-]{subsubsection.5.2.2}{\376\377\155\113\213\325\176\323\147\234}{subsection.5.2}% 34
\BOOKMARK [1][-]{section.6}{\376\377\122\033\145\260\162\171\202\162\116\016\117\030\122\277}{}% 35
\BOOKMARK [2][-]{subsection.6.1}{\376\377\142\200\147\057\122\033\145\260}{section.6}% 36
\BOOKMARK [3][-]{subsubsection.6.1.1}{\376\377\000R\000I\000S\000C\000-\000V\165\037\140\001\231\226\153\041\145\131\200\262\136\224\165\050}{subsection.6.1}% 37
\BOOKMARK [3][-]{subsubsection.6.1.2}{\376\377\131\032\152\041\140\001\207\215\124\010\122\033\145\260}{subsection.6.1}% 38
\BOOKMARK [3][-]{subsubsection.6.1.3}{\376\377\121\167\216\253\146\172\200\375\116\244\116\222}{subsection.6.1}% 39
\BOOKMARK [2][-]{subsection.6.2}{\376\377\136\224\165\050\116\367\120\074}{section.6}% 40
\BOOKMARK [3][-]{subsubsection.6.2.1}{\376\377\145\131\200\262\121\154\136\163\140\047\143\320\123\107}{subsection.6.2}% 41
\BOOKMARK [3][-]{subsubsection.6.2.2}{\376\377\116\052\140\047\123\026\145\131\133\146\133\236\163\260}{subsection.6.2}% 42
\BOOKMARK [3][-]{subsubsection.6.2.3}{\376\377\226\220\171\301\133\211\121\150\117\335\226\234}{subsection.6.2}% 43
\BOOKMARK [2][-]{subsection.6.3}{\376\377\136\002\127\072\172\336\116\211\117\030\122\277}{section.6}% 44
\BOOKMARK [1][-]{section.7}{\376\377\133\236\145\275\145\271\150\110\116\016\220\350\177\162}{}% 45
\BOOKMARK [2][-]{subsection.7.1}{\376\377\174\373\176\337\220\350\177\162\147\266\147\204}{section.7}% 46
\BOOKMARK [2][-]{subsection.7.2}{\376\377\220\350\177\162\133\236\145\275\153\145\232\244}{section.7}% 47
\BOOKMARK [3][-]{subsubsection.7.2.1}{\376\377\173\054\116\000\226\066\153\265\377\032\213\325\160\271\220\350\177\162\377\010\0001\000-\0002\116\052\147\010\377\011}{subsection.7.2}% 48
\BOOKMARK [3][-]{subsubsection.7.2.2}{\376\377\173\054\116\214\226\066\153\265\377\032\123\072\127\337\143\250\136\177\377\010\0003\000-\0006\116\052\147\010\377\011}{subsection.7.2}% 49
\BOOKMARK [3][-]{subsubsection.7.2.3}{\376\377\173\054\116\011\226\066\153\265\377\032\211\304\152\041\123\026\220\350\177\162\377\010\0006\000-\0001\0002\116\052\147\010\377\011}{subsection.7.2}% 50
\BOOKMARK [2][-]{subsection.7.3}{\376\377\142\020\147\054\145\110\166\312\122\006\147\220}{section.7}% 51
\BOOKMARK [1][-]{section.8}{\376\377\230\316\226\151\213\304\117\060\116\016\136\224\133\371}{}% 52
\BOOKMARK [2][-]{subsection.8.1}{\376\377\142\200\147\057\230\316\226\151}{section.8}% 53
\BOOKMARK [3][-]{subsubsection.8.1.1}{\376\377\170\154\116\366\121\174\133\271\140\047\230\316\226\151}{subsection.8.1}% 54
\BOOKMARK [3][-]{subsubsection.8.1.2}{\376\377\000A\000I\152\041\127\213\140\047\200\375\230\316\226\151}{subsection.8.1}% 55
\BOOKMARK [2][-]{subsection.8.2}{\376\377\136\002\127\072\230\316\226\151}{section.8}% 56
\BOOKMARK [3][-]{subsubsection.8.2.1}{\376\377\165\050\142\067\143\245\123\327\136\246\230\316\226\151}{subsection.8.2}% 57
\BOOKMARK [3][-]{subsubsection.8.2.2}{\376\377\145\077\173\126\154\325\211\304\230\316\226\151}{subsection.8.2}% 58
\BOOKMARK [2][-]{subsection.8.3}{\376\377\217\320\204\045\230\316\226\151}{section.8}% 59
\BOOKMARK [3][-]{subsubsection.8.3.1}{\376\377\145\160\143\156\133\211\121\150\230\316\226\151}{subsection.8.3}% 60
\BOOKMARK [3][-]{subsubsection.8.3.2}{\376\377\142\200\147\057\145\057\143\001\230\316\226\151}{subsection.8.3}% 61
\BOOKMARK [1][-]{section.9}{\376\377\123\321\134\125\122\115\146\157\116\016\211\304\122\022}{}% 62
\BOOKMARK [2][-]{subsection.9.1}{\376\377\142\200\147\057\123\321\134\125\215\357\176\277\126\376}{section.9}% 63
\BOOKMARK [2][-]{subsection.9.2}{\376\377\136\224\165\050\127\072\146\157\142\151\134\125}{section.9}% 64
\BOOKMARK [3][-]{subsubsection.9.2.1}{\376\377\127\202\166\364\127\072\146\157\155\361\123\026}{subsection.9.2}% 65
\BOOKMARK [3][-]{subsubsection.9.2.2}{\376\377\152\052\124\021\136\224\165\050\142\323\134\125}{subsection.9.2}% 66
\BOOKMARK [2][-]{subsection.9.3}{\376\377\116\247\116\032\123\026\122\115\146\157}{section.9}% 67
\BOOKMARK [3][-]{subsubsection.9.3.1}{\376\377\136\002\127\072\211\304\152\041\230\204\155\113}{subsection.9.3}% 68
\BOOKMARK [3][-]{subsubsection.9.3.2}{\376\377\125\106\116\032\152\041\137\017\213\276\213\241}{subsection.9.3}% 69
\BOOKMARK [1][-]{section.10}{\376\377\140\073\176\323\116\016\134\125\147\033}{}% 70
\BOOKMARK [2][-]{subsection.10.1}{\376\377\230\171\166\356\140\073\176\323}{section.10}% 71
\BOOKMARK [3][-]{subsubsection.10.1.1}{\376\377\142\200\147\057\142\020\147\234}{subsection.10.1}% 72
\BOOKMARK [3][-]{subsubsection.10.1.2}{\376\377\136\224\165\050\142\020\147\234}{subsection.10.1}% 73
\BOOKMARK [3][-]{subsubsection.10.1.3}{\376\377\122\033\145\260\116\367\120\074}{subsection.10.1}% 74
\BOOKMARK [2][-]{subsection.10.2}{\376\377\142\200\147\057\215\041\163\056}{section.10}% 75
\BOOKMARK [3][-]{subsubsection.10.2.1}{\376\377\133\146\147\057\215\041\163\056}{subsection.10.2}% 76
\BOOKMARK [3][-]{subsubsection.10.2.2}{\376\377\135\345\172\013\215\041\163\056}{subsection.10.2}% 77
\BOOKMARK [2][-]{subsection.10.3}{\376\377\171\076\117\032\141\017\116\111}{section.10}% 78
\BOOKMARK [3][-]{subsubsection.10.3.1}{\376\377\145\131\200\262\121\154\136\163\117\303\217\333}{subsection.10.3}% 79
\BOOKMARK [3][-]{subsubsection.10.3.2}{\376\377\142\200\147\057\116\247\116\032\143\250\122\250}{subsection.10.3}% 80
\BOOKMARK [2][-]{subsection.10.4}{\376\377\147\052\147\145\134\125\147\033}{section.10}% 81
\BOOKMARK [3][-]{subsubsection.10.4.1}{\376\377\167\355\147\037\166\356\150\007\377\010\0001\000-\0002\136\164\377\011}{subsection.10.4}% 82
\BOOKMARK [3][-]{subsubsection.10.4.2}{\376\377\116\055\147\037\166\356\150\007\377\010\0003\000-\0005\136\164\377\011}{subsection.10.4}% 83
\BOOKMARK [3][-]{subsubsection.10.4.3}{\376\377\225\177\147\037\141\077\146\157\377\010\0005\000-\0001\0000\136\164\377\011}{subsection.10.4}% 84
\BOOKMARK [1][-]{subsubsection.10.4.3}{\376\377\123\302\200\003\145\207\163\056}{}% 85
\BOOKMARK [1][-]{Item.23}{\376\377\226\104\137\125}{}% 86
